<?xml version="1.0" encoding="utf-8"?><testsuites><testsuite name="pytest" errors="0" failures="0" skipped="0" tests="52" time="32.469" timestamp="2022-07-21T13:12:48.952153" hostname="25adda362e1e"><testcase classname="tests.testinfra.base.common.test_base_common_verify" name="test_host_dump[docker://base_common_container]" time="2.190" /><testcase classname="tests.testinfra.base.common.test_base_common_verify" name="test_cat_executable[docker://base_common_container]" time="0.277" /><testcase classname="tests.testinfra.base.common.test_base_common_verify" name="test_rpm_executable[docker://base_common_container]" time="0.285" /><testcase classname="tests.testinfra.base.common.test_base_common_verify" name="test_dnf_executable[docker://base_common_container]" time="0.226" /><testcase classname="tests.testinfra.base.common.test_base_common_verify" name="test_node_executable[docker://base_common_container]" time="0.217" /><testcase classname="tests.testinfra.base.common.test_base_common_verify" name="test_npm_executable[docker://base_common_container]" time="0.217" /><testcase classname="tests.testinfra.base.common.test_base_common_verify" name="test_python3_executable[docker://base_common_container]" time="0.231" /><testcase classname="tests.testinfra.base.common.test_base_common_verify" name="test_podman_package_installed[docker://base_common_container]" time="0.401" /><testcase classname="tests.testinfra.base.common.test_base_common_verify" name="test_podmandocker_package_installed[docker://base_common_container]" time="0.376" /><testcase classname="tests.testinfra.base.common.test_base_common_verify" name="test_nginx_package_installed[docker://base_common_container]" time="1.318" /><testcase classname="tests.testinfra.default.common.test_default_common_verify" name="test_host_dump[docker://default_common_container-1]" time="2.594" /><testcase classname="tests.testinfra.default.common.test_default_common_verify" name="test_binutils_package_installed[docker://default_common_container-1]" time="0.440" /><testcase classname="tests.testinfra.default.common.test_default_common_verify" name="test_passwd_file[docker://default_common_container-1]" time="0.574" /><testcase classname="tests.testinfra.default.common.test_default_verify" name="test_host_dump[docker://default_common_container]" time="1.864" /><testcase classname="tests.testinfra.default.common.test_default_verify" name="test_cat_executable[docker://default_common_container]" time="0.233" /><testcase classname="tests.testinfra.default.common.test_default_verify" name="test_rpm_executable[docker://default_common_container]" time="0.244" /><testcase classname="tests.testinfra.default.common.test_default_verify" name="test_dnf_executable[docker://default_common_container]" time="0.209" /><testcase classname="tests.testinfra.default.common.test_default_verify" name="test_node_executable[docker://default_common_container]" time="0.231" /><testcase classname="tests.testinfra.default.common.test_default_verify" name="test_npm_executable[docker://default_common_container]" time="0.253" /><testcase classname="tests.testinfra.default.common.test_default_verify" name="test_python3_executable[docker://default_common_container]" time="0.272" /><testcase classname="tests.testinfra.default.common.test_default_verify" name="test_podman_package_installed[docker://default_common_container]" time="0.266" /><testcase classname="tests.testinfra.default.common.test_default_verify" name="test_podmandocker_package_installed[docker://default_common_container]" time="0.209" /><testcase classname="tests.testinfra.default.common.test_default_verify" name="test_nginx_package_installed[docker://default_common_container]" time="0.410" /><testcase classname="tests.testinfra.init.common.test_init_common_verify" name="test_host_dump[docker://init_common_container]" time="2.078" /><testcase classname="tests.testinfra.init.common.test_init_common_verify" name="test_cat_executable[docker://init_common_container]" time="0.241" /><testcase classname="tests.testinfra.init.common.test_init_common_verify" name="test_rpm_executable[docker://init_common_container]" time="0.234" /><testcase classname="tests.testinfra.init.common.test_init_common_verify" name="test_dnf_executable[docker://init_common_container]" time="0.226" /><testcase classname="tests.testinfra.init.common.test_init_common_verify" name="test_node_executable[docker://init_common_container]" time="0.217" /><testcase classname="tests.testinfra.init.common.test_init_common_verify" name="test_npm_executable[docker://init_common_container]" time="0.235" /><testcase classname="tests.testinfra.init.common.test_init_common_verify" name="test_python3_executable[docker://init_common_container]" time="0.226" /><testcase classname="tests.testinfra.init.common.test_init_common_verify" name="test_podman_package_installed[docker://init_common_container]" time="0.417" /><testcase classname="tests.testinfra.init.common.test_init_common_verify" name="test_podmandocker_package_installed[docker://init_common_container]" time="0.231" /><testcase classname="tests.testinfra.init.common.test_init_common_verify" name="test_nginx_package_installed[docker://init_common_container]" time="0.243" /><testcase classname="tests.testinfra.init.common.test_init_common_verify" name="test_passwd_file[docker://init_common_container]" time="0.735" /><testcase classname="tests.testinfra.init.common.test_init_verify" name="test_host_dump[docker://init_common_container_1]" time="2.786" /><testcase classname="tests.testinfra.init.common.test_init_verify" name="test_nginx_package_installed[docker://init_common_container_1]" time="0.445" /><testcase classname="tests.testinfra.init.httpd.test_ubi_httpd_verify" name="test_httpd_package_installed[docker://ubi_httpd_verify]" time="1.944" /><testcase classname="tests.testinfra.init.httpd.test_ubi_httpd_verify" name="test_httpd_check_executable[docker://ubi_httpd_verify]" time="0.413" /><testcase classname="tests.testinfra.micro.test_micro_common_verify" name="test_host_dump[docker://micro_common_container]" time="1.866" /><testcase classname="tests.testinfra.micro.test_micro_common_verify" name="test_cat_executable[docker://micro_common_container]" time="0.206" /><testcase classname="tests.testinfra.micro.test_micro_common_verify" name="test_rpm_executable[docker://micro_common_container]" time="0.208" /><testcase classname="tests.testinfra.micro.test_micro_common_verify" name="test_microdnf_executable[docker://micro_common_container]" time="0.398" /><testcase classname="tests.testinfra.minimal.common.test_minimal_common_verify" name="test_host_dump[docker://minimal_common_container]" time="2.152" /><testcase classname="tests.testinfra.minimal.common.test_minimal_common_verify" name="test_cat_executable[docker://minimal_common_container]" time="0.210" /><testcase classname="tests.testinfra.minimal.common.test_minimal_common_verify" name="test_rpm_executable[docker://minimal_common_container]" time="0.203" /><testcase classname="tests.testinfra.minimal.common.test_minimal_common_verify" name="test_microdnf_executable[docker://minimal_common_container]" time="0.213" /><testcase classname="tests.testinfra.minimal.common.test_minimal_common_verify" name="test_node_executable[docker://minimal_common_container]" time="0.205" /><testcase classname="tests.testinfra.minimal.common.test_minimal_common_verify" name="test_npm_executable[docker://minimal_common_container]" time="0.222" /><testcase classname="tests.testinfra.minimal.common.test_minimal_common_verify" name="test_microdnf_package_installed[docker://minimal_common_container]" time="0.417" /><testcase classname="tests.testinfra.minimal.common.test_minimal_common_verify" name="test_podman_package_installed[docker://minimal_common_container]" time="0.209" /><testcase classname="tests.testinfra.minimal.common.test_minimal_common_verify" name="test_podmandocker_package_installed[docker://minimal_common_container]" time="0.201" /><testcase classname="tests.testinfra.minimal.common.test_minimal_common_verify" name="test_nginx_package_installed[docker://minimal_common_container]" time="0.396" /></testsuite></testsuites>